> Task :compileJava UP-TO-DATE
> Task :processResources UP-TO-DATE
> Task :classes UP-TO-DATE

> Task :compileTestJava FAILED
.\gradlew.bat : C:\Users\dell\
Desktop\projet\backend\src\tes
t\java\org\example\backend\Bac
kendApplicationTests.java:3: 
error: package com.fasterxml.j
ackson.databind does not exist
Au caractère Ligne:1 : 1
+ .\gradlew.bat test > 
test.log 2>&1
+ ~~~~~~~~~~~~~~~~~~~~~~~~~~~~
~~~~~~
    + CategoryInfo          : 
NotSpe    cified: 
(C:\Users\dell\D... does     
not exist:String) [], 
RemoteExc    eption
    + FullyQualifiedErrorId : 
Native    CommandError
 
import com.fasterxml.jackson.d
atabind.ObjectMapper;
                              
       ^
C:\Users\dell\Desktop\projet\b
ackend\src\test\java\org\examp
le\backend\BackendApplicationT
ests.java:10: error: package o
rg.springframework.boot.test.a
utoconfigure.web.servlet does 
not exist
import org.springframework.boo
t.test.autoconfigure.web.servl
et.AutoConfigureMockMvc;
                              
                              
  ^
C:\Users\dell\Desktop\projet\b
ackend\src\test\java\org\examp
le\backend\BackendApplicationT
ests.java:22: error: cannot 
find symbol
@AutoConfigureMockMvc
 ^
  symbol: class 
AutoConfigureMockMvc
C:\Users\dell\Desktop\projet\b
ackend\src\test\java\org\examp
le\backend\BackendApplicationT
ests.java:35: error: cannot 
find symbol
    private ObjectMapper 
objectMapper;
            ^
  symbol:   class ObjectMapper
  location: class 
BackendApplicationTests
4 errors

[Incubating] Problems report is available at: file:///C:/Users/dell/Desktop/projet/backend/build/reports/problems/problems-report.html

FAILURE: Build failed with an 
exception.

* What went wrong:
Execution failed for task 
':compileTestJava'.
> Compilation failed; see the 
compiler output below.
  C:\Users\dell\Desktop\projet
\backend\src\test\java\org\exa
mple\backend\BackendApplicatio
nTests.java:35: error: cannot 
find symbol
      private ObjectMapper 
objectMapper;
              ^
    symbol:   class 
ObjectMapper
    location: class 
BackendApplicationTests
  C:\Users\dell\Desktop\projet
\backend\src\test\java\org\exa
mple\backend\BackendApplicatio
nTests.java:22: error: cannot 
find symbol
  @AutoConfigureMockMvc
   ^
    symbol: class 
AutoConfigureMockMvc
  C:\Users\dell\Desktop\projet
\backend\src\test\java\org\exa
mple\backend\BackendApplicatio
nTests.java:3: error: package 
com.fasterxml.jackson.databind
 does not exist
  import com.fasterxml.jackson
.databind.ObjectMapper;
                              
         ^
  C:\Users\dell\Desktop\projet
\backend\src\test\java\org\exa
mple\backend\BackendApplicatio
nTests.java:10: error: 
package org.springframework.bo
ot.test.autoconfigure.web.serv
let does not exist
  import org.springframework.b
oot.test.autoconfigure.web.ser
vlet.AutoConfigureMockMvc;
                              
                              
    ^
  4 errors

* Try:
> Check your code and 
dependencies to fix the 
compilation error(s)
> Run with --scan to get full 
insights from a Build Scan 
(powered by Develocity).

BUILD FAILED in 2s
3 actionable tasks: 1 executed, 2 up-to-date
